
> maketechberry@0.0.0 build
> vite build

[36mvite v7.3.1 [32mbuilding client environment for production...[36m[39m
transforming...
[32mΓ£ô[39m 46 modules transformed.
node.exe : [31mΓ£ù[39m Build failed in 2.10s
At line:1 char:1
+ & "C:\Program Files\nodejs/node.exe" "C:\Program Files\nodejs/node_mo ...
+ ~~~~~~~~~~~~~~~~~~~~~~~~~~~~~~~~~~~~~~~~~~~~~~~~~~~~~~~~~~~~~~~~~~~~~
    + CategoryInfo          : NotSpecified: ([31mΓ£ù[39m Build failed in 2.10s:String) [], RemoteException
    + FullyQualifiedErrorId : NativeCommandError
 
[31merror during build:
[31m[vite]: Rollup failed to resolve import "react-hot-toast" from 
"C:/Project/MakeTechBerry/client/src/pages/admin/AdminBlogs.jsx".
This is most likely unintended because it can break your application at runtime.
If you do want to externalize this module explicitly add it to
`build.rollupOptions.external`[31m
    at viteLog (file:///C:/Project/MakeTechBerry/client/node_modules/vite/dist/node/chunks/config.js:33635:57)
    at file:///C:/Project/MakeTechBerry/client/node_modules/vite/dist/node/chunks/config.js:33669:73
    at onwarn (file:///C:/Project/MakeTechBerry/client/node_modules/@vitejs/plugin-react/dist/index.js:76:7)
    at file:///C:/Project/MakeTechBerry/client/node_modules/vite/dist/node/chunks/config.js:33669:28
    at onRollupLog (file:///C:/Project/MakeTechBerry/client/node_modules/vite/dist/node/chunks/config.js:33664:63)
    at onLog (file:///C:/Project/MakeTechBerry/client/node_modules/vite/dist/node/chunks/config.js:33467:4)
    at file:///C:/Project/MakeTechBerry/client/node_modules/rollup/dist/es/shared/node-entry.js:21081:32
    at Object.logger [as onLog] 
(file:///C:/Project/MakeTechBerry/client/node_modules/rollup/dist/es/shared/node-entry.js:22968:9)
    at ModuleLoader.handleInvalidResolvedId 
(file:///C:/Project/MakeTechBerry/client/node_modules/rollup/dist/es/shared/node-entry.js:21712:26)
    at file:///C:/Project/MakeTechBerry/client/node_modules/rollup/dist/es/shared/node-entry.js:21670:26[39m
